version https://git-lfs.github.com/spec/v1
oid sha256:c601b8a0f562c2dec7f497add4550e5eca8eb7a62a4a9286b346cfb065eb94d8
size 602
